[0130/220141.534:INFO:CONSOLE(21172)] "THREE.WebGLRenderer 92", source: file:///C:/Program%20Files/AnyLogic%208.9%20Personal%20Learning%20Edition/plugins/com.anylogic.graphics3d_8.9.5.202506190548/static/build/three.js (21172)
[0130/220142.428:INFO:CONSOLE(3660)] "THREE.ColladaLoader: File version 1.4.0", source: file:///C:/Program%20Files/AnyLogic%208.9%20Personal%20Learning%20Edition/plugins/com.anylogic.graphics3d_8.9.5.202506190548/static/libs/ColladaLoader.js (3660)
[0130/220142.437:INFO:CONSOLE(255)] "Loaded: file:C:/Users/loren/Models/Restaurant2/3d/table_2.dae", source: file:///C:/Program%20Files/AnyLogic%208.9%20Personal%20Learning%20Edition/plugins/com.anylogic.graphics3d_8.9.5.202506190548/static/init.js (255)
[0130/220142.438:INFO:CONSOLE(271)] "load end: file:C:/Users/loren/Models/Restaurant2/3d/table_2.dae", source: file:///C:/Program%20Files/AnyLogic%208.9%20Personal%20Learning%20Edition/plugins/com.anylogic.graphics3d_8.9.5.202506190548/static/init.js (271)
[0130/220142.521:INFO:CONSOLE(3660)] "THREE.ColladaLoader: File version 1.4.0", source: file:///C:/Program%20Files/AnyLogic%208.9%20Personal%20Learning%20Edition/plugins/com.anylogic.graphics3d_8.9.5.202506190548/static/libs/ColladaLoader.js (3660)
[0130/220142.536:INFO:CONSOLE(255)] "Loaded: file:C:/Users/loren/Models/Restaurant2/3d/girl.dae", source: file:///C:/Program%20Files/AnyLogic%208.9%20Personal%20Learning%20Edition/plugins/com.anylogic.graphics3d_8.9.5.202506190548/static/init.js (255)
[0130/220142.536:INFO:CONSOLE(271)] "load end: file:C:/Users/loren/Models/Restaurant2/3d/girl.dae", source: file:///C:/Program%20Files/AnyLogic%208.9%20Personal%20Learning%20Edition/plugins/com.anylogic.graphics3d_8.9.5.202506190548/static/init.js (271)
[0130/220142.573:INFO:CONSOLE(3660)] "THREE.ColladaLoader: File version 1.4.0", source: file:///C:/Program%20Files/AnyLogic%208.9%20Personal%20Learning%20Edition/plugins/com.anylogic.graphics3d_8.9.5.202506190548/static/libs/ColladaLoader.js (3660)
[0130/220142.578:INFO:CONSOLE(255)] "Loaded: file:C:/Users/loren/Models/Restaurant2/3d/person.dae", source: file:///C:/Program%20Files/AnyLogic%208.9%20Personal%20Learning%20Edition/plugins/com.anylogic.graphics3d_8.9.5.202506190548/static/init.js (255)
[0130/220142.578:INFO:CONSOLE(271)] "load end: file:C:/Users/loren/Models/Restaurant2/3d/person.dae", source: file:///C:/Program%20Files/AnyLogic%208.9%20Personal%20Learning%20Edition/plugins/com.anylogic.graphics3d_8.9.5.202506190548/static/init.js (271)
[0130/220152.831:INFO:CONSOLE(3660)] "THREE.ColladaLoader: File version 1.4.0", source: file:///C:/Program%20Files/AnyLogic%208.9%20Personal%20Learning%20Edition/plugins/com.anylogic.graphics3d_8.9.5.202506190548/static/libs/ColladaLoader.js (3660)
[0130/220152.836:INFO:CONSOLE(255)] "Loaded: file:C:/Users/loren/Desktop/Simulation/Progetto/Restaurant_2025/3d/doctor.dae", source: file:///C:/Program%20Files/AnyLogic%208.9%20Personal%20Learning%20Edition/plugins/com.anylogic.graphics3d_8.9.5.202506190548/static/init.js (255)
[0130/220152.836:INFO:CONSOLE(271)] "load end: file:C:/Users/loren/Desktop/Simulation/Progetto/Restaurant_2025/3d/doctor.dae", source: file:///C:/Program%20Files/AnyLogic%208.9%20Personal%20Learning%20Edition/plugins/com.anylogic.graphics3d_8.9.5.202506190548/static/init.js (271)
[0130/220152.920:INFO:CONSOLE(3660)] "THREE.ColladaLoader: File version 1.4.0", source: file:///C:/Program%20Files/AnyLogic%208.9%20Personal%20Learning%20Edition/plugins/com.anylogic.graphics3d_8.9.5.202506190548/static/libs/ColladaLoader.js (3660)
[0130/220152.926:INFO:CONSOLE(255)] "Loaded: file:C:/Users/loren/Desktop/Simulation/Progetto/Restaurant_2025/3d/person.dae", source: file:///C:/Program%20Files/AnyLogic%208.9%20Personal%20Learning%20Edition/plugins/com.anylogic.graphics3d_8.9.5.202506190548/static/init.js (255)
[0130/220152.927:INFO:CONSOLE(271)] "load end: file:C:/Users/loren/Desktop/Simulation/Progetto/Restaurant_2025/3d/person.dae", source: file:///C:/Program%20Files/AnyLogic%208.9%20Personal%20Learning%20Edition/plugins/com.anylogic.graphics3d_8.9.5.202506190548/static/init.js (271)
[0130/220153.105:INFO:CONSOLE(3660)] "THREE.ColladaLoader: File version 1.4.0", source: file:///C:/Program%20Files/AnyLogic%208.9%20Personal%20Learning%20Edition/plugins/com.anylogic.graphics3d_8.9.5.202506190548/static/libs/ColladaLoader.js (3660)
[0130/220153.108:INFO:CONSOLE(255)] "Loaded: file:C:/Users/loren/Desktop/Simulation/Progetto/Restaurant_2025/3d/table_2.dae", source: file:///C:/Program%20Files/AnyLogic%208.9%20Personal%20Learning%20Edition/plugins/com.anylogic.graphics3d_8.9.5.202506190548/static/init.js (255)
[0130/220153.108:INFO:CONSOLE(271)] "load end: file:C:/Users/loren/Desktop/Simulation/Progetto/Restaurant_2025/3d/table_2.dae", source: file:///C:/Program%20Files/AnyLogic%208.9%20Personal%20Learning%20Edition/plugins/com.anylogic.graphics3d_8.9.5.202506190548/static/init.js (271)
[0130/220153.154:INFO:CONSOLE(3660)] "THREE.ColladaLoader: File version 1.4.0", source: file:///C:/Program%20Files/AnyLogic%208.9%20Personal%20Learning%20Edition/plugins/com.anylogic.graphics3d_8.9.5.202506190548/static/libs/ColladaLoader.js (3660)
[0130/220153.168:INFO:CONSOLE(255)] "Loaded: file:C:/Users/loren/Desktop/Simulation/Progetto/Restaurant_2025/3d/woman_2.dae", source: file:///C:/Program%20Files/AnyLogic%208.9%20Personal%20Learning%20Edition/plugins/com.anylogic.graphics3d_8.9.5.202506190548/static/init.js (255)
[0130/220153.168:INFO:CONSOLE(271)] "load end: file:C:/Users/loren/Desktop/Simulation/Progetto/Restaurant_2025/3d/woman_2.dae", source: file:///C:/Program%20Files/AnyLogic%208.9%20Personal%20Learning%20Edition/plugins/com.anylogic.graphics3d_8.9.5.202506190548/static/init.js (271)
[0130/220340.454:ERROR:gpu_init.cc(523)] Passthrough is not supported, GL is disabled, ANGLE is 
[0131/131427.122:INFO:CONSOLE(21172)] "THREE.WebGLRenderer 92", source: file:///C:/Program%20Files/AnyLogic%208.9%20Personal%20Learning%20Edition/plugins/com.anylogic.graphics3d_8.9.5.202506190548/static/build/three.js (21172)
[0131/131427.770:INFO:CONSOLE(3660)] "THREE.ColladaLoader: File version 1.4.0", source: file:///C:/Program%20Files/AnyLogic%208.9%20Personal%20Learning%20Edition/plugins/com.anylogic.graphics3d_8.9.5.202506190548/static/libs/ColladaLoader.js (3660)
[0131/131427.789:INFO:CONSOLE(255)] "Loaded: file:C:/Users/loren/Desktop/Simulation/Progetto/Restaurant_2025/3d/woman_2.dae", source: file:///C:/Program%20Files/AnyLogic%208.9%20Personal%20Learning%20Edition/plugins/com.anylogic.graphics3d_8.9.5.202506190548/static/init.js (255)
[0131/131427.790:INFO:CONSOLE(271)] "load end: file:C:/Users/loren/Desktop/Simulation/Progetto/Restaurant_2025/3d/woman_2.dae", source: file:///C:/Program%20Files/AnyLogic%208.9%20Personal%20Learning%20Edition/plugins/com.anylogic.graphics3d_8.9.5.202506190548/static/init.js (271)
[0131/131625.635:ERROR:gpu_init.cc(523)] Passthrough is not supported, GL is disabled, ANGLE is 
